  [1;5mCKEISC¤@¤@¿ß[m
  [1;31;47m  ¢¨¢«¢¨¢«  [34m¢¨¢«  ¢¨¢©  ¢f¢f¢f¢f  ¢i  ¢i   ¢¨¢© ¢o  ¢o¢ª¢©¢o¢ª¢©  [31m¢ª¢©¢ª¢©  [m
  [1;31;47m¢¨¢«¢¨¢«  [34m¢¨¢«  ¢¨¢«¢ª¢©   ¢p   ¢i      ¢i  ¢¨¢«¢o¢e¢o  ¢ª¢o  ¢ª¢©  [31m¢ª¢©¢ª¢©[m
  [1;31;47m¢ª¢©¢ª¢©  [34m¢ª¢©  ¢i¢f¢f¢i   ¢p     ¢¨¢i¢©  ¢ª    ¢o  ¢o  ¢¨¢o  ¢¨¢«  [31m¢¨¢«¢¨¢«[m
  [1;31;47m  ¢ª¢©¢ª¢©  [34m¢ª¢©¢i    ¢i   ¢p     ¢i¢i¢i    ¢©¢«¢o  ¢o¢¨¢«¢o¢¨¢«  [31m¢¨¢«¢¨¢«  [m
                                                                  [1;5mCKEISC¤@¤@¿ß[m