  [1;5mCKEISC一一貓[m
  [1;31;47m  ◢◤◢◤  [34m◢◤  ◢◣  ▅▅▅▅  █  █   ◢◣ ▊  ▊◥◣▊◥◣  [31m◥◣◥◣  [m
  [1;31;47m◢◤◢◤  [34m◢◤  ◢◤◥◣   ▉   █      █  ◢◤▊▄▊  ◥▊  ◥◣  [31m◥◣◥◣[m
  [1;31;47m◥◣◥◣  [34m◥◣  █▅▅█   ▉     ◢█◣  ◥    ▊  ▊  ◢▊  ◢◤  [31m◢◤◢◤[m
  [1;31;47m  ◥◣◥◣  [34m◥◣█    █   ▉     ███    ◣◤▊  ▊◢◤▊◢◤  [31m◢◤◢◤  [m
                                                                  [1;5mCKEISC一一貓[m
